           _________________________________________________________
          |                                                         |
          |       _/_/_/_/                                          |
          |      _/      _/                  _/_/_/_/_/_/           |
          |     _/      _/  _/      _/   _/      _/      _/_/_/_/_/ |
          |    _/_/_/_/    _/      _/   _/      _/      _/          |
          |   _/          _/_/_/_/_/   _/      _/       _/_/_/_/    |
          |  _/          _/      _/   _/      _/              _/    |
          | _/          _/      _/   _/      _/      _/_/_/_/_/     |
          |                                                         |
          |                                                         |
          |       Particle and Heavy Ion Transport code System      |
          |                      Version =  3.350                   |
          |                       developed by                      |
          |                                                         |
          |  Tatsuhiko SATO, Yosuke IWAMOTO, Shintaro HASHIMOTO,    |
          |    Tatsuhiko OGAWA, Takuya FURUTA, Shinichiro ABE,      |
          |    Takeshi KAI, Norihiro MATSUDA, Yusuke MATSUYA,       |
          |      Yuho HIRATA, Takuya SEKIKAWA, Pi-En TSAI,          |
          |                Hunter RATLIFF (JAEA),                   |
          |                                                         |
          |  Hiroshi IWASE, Yasuhito SAKAKI, Kenta SUGIHARA (KEK),  |
          |                                                         |
          |           Nobuhiro SHIGYO (Kyushu University),          |
          |                                                         |
          |      Lembit SIHVER (Technische Universitat Wien), and   |
          |                                                         |
          |                     Koji NIITA (RIST)                   |
          |                                                         |
          |                 Last Revised  2025-03-28                |
          |_________________________________________________________|

                        Starting Date = 2026-09-13
                        Starting Time = 11h 42m 03

>>> Input Echo >>>=============================================================

[ Parameters ]
 icntl    =           0     # (D=0) 3:ECH 5:NOR 6:SRC 7,8:GSH 11:DSH 12:DUMP
 maxcas   =       50000     # (D=10) number of particles per one batch
 maxbch   =         200     # (D=10) number of batches
 e-mode   =           2     # (D=0) 0: Normal, 1: Event generator mode Ver.1, 2: Ver.2
 negs     =           1     # (D=-1) =-1:original, =0:No, =1:EGS, =2:EGS(HE)
 file(6)  = phits.out       # (D=phits.out) general output file name

[ Source ]
  totfact =   1.0000        # (D=1.0) global factor
   s-type =   2             # rectangular-solid source
     proj =  neutron        # kind of incident particle         
       x0 =  -15.000        # minimum position of x-axis [cm]
       x1 =   15.000        # maximum position of x-axis [cm]
       y0 =  -15.000        # minimum position of y-axis [cm]
       y1 =   15.000        # maximum position of y-axis [cm]
       z0 =  -10.000        # minimum position of z-axis [cm]
       z1 =  -10.000        # maximum position of z-axis [cm]
      dir =   1.0000        # z-direction of beam [cosine]
   e-type =   1             # energy distribution given by data
       ne =   19            # number of energy and weight
                            # ne>0: lin, ne<0: log interpolation
 #  data = ( e(i), w(i), i = 1, ne ), emax
  1.00000E-08  1.00000E-01  5.00000E-01  1.00000E+00  1.50000E+00  2.00000E+00
  2.50000E+00  3.00000E+00  3.50000E+00  4.00000E+00  4.50000E+00  5.00000E+00
  5.50000E+00  6.00000E+00  7.00000E+00  8.00000E+00  9.00000E+00  1.00000E+01
  1.10000E+01  1.15000E+01  0.00000E+00  1.30000E-02  2.10000E-02  3.50000E-02
  4.50000E-02  6.50000E-02  7.50000E-02  1.20000E-01  1.30000E-01  1.25000E-01
  1.10000E-01  1.00000E-01  9.50000E-02  6.00000E-02  3.50000E-02  3.00000E-02
  1.00000E-02  3.00000E-03  1.00000E-03

[ Material ]
MAT[ 1 ] 
           1H        -8.0500000E-02
          12C        -5.9980000E-01
          16O        -3.1970000E-01
MAT[ 2 ] 
           1H        -1.4370000E-01
          12C        -8.5630000E-01
MAT[ 9 ] 
           1H         2.0000000E+00
          12C         1.0000000E+00
MAT[ 3 ] 
          6Li        -2.2900000E-01
          7Li        -1.2000000E-02
          19F        -7.5900000E-01
MAT[ 4 ] 
           Si        -7.0050000E-01
          12C        -2.9950000E-01
MAT[ 7 ] 
            W         1.0000000E+00
MAT[ 8 ] 
           Pb         1.0000000E+00
MAT[ 5 ] 
         27Al        -1.0000000E+00
MAT[ 6 ] 
          10B         8.0000000E-01
          11B         3.2000000E+00
          12C         1.0000000E+00

[ Cell ]
 100         1 -1.1900000E+00  10 -11 12 -13 14 -15 
 204         5 -2.7000000E+00  20 -16 40 -41 42 -43 +56 
 205         6 -2.5200000E+00  16 -14 40 -41 42 -43 +56 
 210         2 -9.4000000E-01  24 -22 40 -41 42 -43 +51 +52 +53 +54 
 2021        3 -2.5400000E+00  22 -21 -51 
 2031        4 -3.2100000E+00  21 -20 -51 
 219         6 -2.5200000E+00  24 -22 -52 
 2022        3 -2.5400000E+00  22 -21 -52 
 2032        4 -3.2100000E+00  21 -20 -52 
 217         0                 20 -14 -56 
 213         2 -9.4000000E-01  24 -22 -53 
 2033        4 -3.2100000E+00  21 -25 -53 
 2035        4 -3.2100000E+00  25 -20 -53 
 214         7 -1.9300000E+01  28 -22 -54 
 2024        3 -2.5400000E+00  22 -21 -54 
 2034        4 -3.2100000E+00  21 -20 -54 
 101         0                 -99 #100 #204 #205 #210 #219 #217 #213
                              #214 #2021 #2022 #2024 #2031 #2032 #2033
                              #2034 #2035 
 102        -1                 99 

[ Surface ]
 99            so    2.0000000E+02
 10            px   -1.5000000E+01
 11            px    1.5000000E+01
 12            py   -1.5000000E+01
 13            py    1.5000000E+01
 14            pz    2.0000000E-01
 15            pz    1.5000000E+01
 16            pz    0.0000000E+00
 40            px   -2.5000000E+00
 41            px    2.5000000E+00
 42            py   -3.5000000E+00
 43            py    3.5000000E+00
 20            pz   -5.0000000E-02
 25            pz   -1.4000000E-01
 21            pz   -1.5000000E-01
 22            pz   -1.5010000E-01
 23            pz   -2.5010000E-01
 24            pz   -5.0000000E-01
 28            pz   -6.5010000E-01
 51            c/z  -1.2500000E+00  1.7500000E+00  5.0000000E-01
 52            c/z   1.2500000E+00  1.7500000E+00  5.0000000E-01
 53            c/z  -1.2500000E+00 -1.7500000E+00  5.0000000E-01
 54            c/z   1.2500000E+00 -1.7500000E+00  5.0000000E-01
 56            c/z   1.2500000E+00  1.7500000E+00  7.5000000E-01

[ T-Track ]
    title = True Hp(10) Reference Dose
     mesh =  reg            # mesh type is region-wise
      reg = 100
   e-type =    1            # e-mesh is given by the below data
       ne =      1          # number of e-mesh points
#    data = ( e(i), i = 1, ne + 1 )
            0.00000E+00  2.00000E+01
     unit =    1            # unit is [1/cm^2/source]
 material =  all            # (D=all) number of specific material
     axis =     eng            # axis of output
     file = reference_hp10.out  # file name of output for the above axis
     part =  neutron  
# kf/name :  2112     
  multiplier = all          # number of material group
     part =  neutron  
# kf/name :  2112     
     emax =    20.000    
      mat         mset1  
      all ( 1.0000 -202 )
#    used :        main (  %)        temp (  %)       total (  %)
#  memory :          23 (  0)           0 (  0)          23 (  0)

[END] of Input Echo <<<========================================================

<<< Report of real Geometry memory >>>
*           GG/CG memory =        2
*     total memory: mdas = 80000000
*                percent =     0.00 %

<<< Report of material memory for high energy>>>
*   high energy material =        1
*     total memory: mdas = 80000000
*                percent =     0.00 %

<<< Report of material memory for low energy>>>
*    low energy material =     6152
*     total memory: mdas = 80000000
*                percent =     0.01 %

<<< Report of real tally memory >>>
*      real tally memory =       23
*     total memory: mdas = 80000000
*                percent =     0.00 %

<<< Report of temporary tally memory >>>
* temporary tally memory =     6157
*     total memory: mdas = 80000000
*                percent =     0.01 %

<<< Report of total memory >>>
*      used total memory =     6158
*     total memory: mdas = 80000000
*                percent =     0.01 %
*                ---------------------

-------------------------------------------------------------------------------
bat[       1] ncas =          50000.
 bitrseed = 0100001010011000001011101100011110011000110110100110010000000000
          cpu time =   3.977 s.

-------------------------------------------------------------------------------
bat[       2] ncas =         100000.
 bitrseed = 1101100100010001111111011010111010000011100111001110011111110001
          cpu time =   3.750 s.

-------------------------------------------------------------------------------
bat[       3] ncas =         150000.
 bitrseed = 0001110011011001101111011000110011100000010010101010010011101100
          cpu time =   3.664 s.

-------------------------------------------------------------------------------
bat[       4] ncas =         200000.
 bitrseed = 1000111101001001100111000100110010101110010110010111110101110111
          cpu time =   3.637 s.

-------------------------------------------------------------------------------
bat[       5] ncas =         250000.
 bitrseed = 0111110100010110001100001010110110100011111100000101000000001001
          cpu time =   3.613 s.

-------------------------------------------------------------------------------
bat[       6] ncas =         300000.
 bitrseed = 1111011000111101101000010100011110010100010111000001110111101011
          cpu time =   3.703 s.

-------------------------------------------------------------------------------
bat[       7] ncas =         350000.
 bitrseed = 1000000101101111000011011110011001000101111100111101100001010101
          cpu time =   3.645 s.

-------------------------------------------------------------------------------
bat[       8] ncas =         400000.
 bitrseed = 1011010001010001001000000101110001110111111000010100101111010101
          cpu time =   3.621 s.

-------------------------------------------------------------------------------
bat[       9] ncas =         450000.
 bitrseed = 0101001111100011001000010000110000110111000010100111010111101100
          cpu time =   3.617 s.

-------------------------------------------------------------------------------
bat[      10] ncas =         500000.
 bitrseed = 1010011011000000011000000100110001111000001110010001110111010101
          cpu time =   3.645 s.

-------------------------------------------------------------------------------
bat[      11] ncas =         550000.
 bitrseed = 1111000010101100000101101011010101111000000001010110000101000000
          cpu time =   3.699 s.

-------------------------------------------------------------------------------
bat[      12] ncas =         600000.
 bitrseed = 1010011110101000001100101000011001110111010100101010000111110100
          cpu time =   3.648 s.

-------------------------------------------------------------------------------
bat[      13] ncas =         650000.
 bitrseed = 1000111101010000010001011010011111111110001101010011010010010110
          cpu time =   3.656 s.

-------------------------------------------------------------------------------
bat[      14] ncas =         700000.
 bitrseed = 1110000010001001000111111000100110001001100001010000111011101010
          cpu time =   3.621 s.

-------------------------------------------------------------------------------
bat[      15] ncas =         750000.
 bitrseed = 1011100110001010010111101101110100011001010001110111110001101101
          cpu time =   3.652 s.

-------------------------------------------------------------------------------
bat[      16] ncas =         800000.
 bitrseed = 0110010101111000011011110011101001111010111011000111110011111000
          cpu time =   3.617 s.

-------------------------------------------------------------------------------
bat[      17] ncas =         850000.
 bitrseed = 1010111100110100010100110010101101001010000010000110011011000010
          cpu time =   3.672 s.

-------------------------------------------------------------------------------
bat[      18] ncas =         900000.
 bitrseed = 0111100001100010100111111010000001110010100000000010000101110101
          cpu time =   3.613 s.

-------------------------------------------------------------------------------
bat[      19] ncas =         950000.
 bitrseed = 0110110101111101001100100100001011010110001100100011001111111111
          cpu time =   3.629 s.

-------------------------------------------------------------------------------
bat[      20] ncas =        1000000.
 bitrseed = 0100000010011011101100111010010100011100100101010011111011010000
          cpu time =   3.637 s.

-------------------------------------------------------------------------------
bat[      21] ncas =        1050000.
 bitrseed = 0101101000001110011101111011110101001001010001111010111000101101
          cpu time =   3.652 s.

-------------------------------------------------------------------------------
bat[      22] ncas =        1100000.
 bitrseed = 0110111111110100011111010101111011101001001111101110000100110010
          cpu time =   3.629 s.

-------------------------------------------------------------------------------
bat[      23] ncas =        1150000.
 bitrseed = 0011010110010100100101001000111111111011110001111111011011100010
          cpu time =   3.598 s.

-------------------------------------------------------------------------------
bat[      24] ncas =        1200000.
 bitrseed = 1101110110111011000111111000000001011110110100010100010101011001
          cpu time =   3.594 s.

-------------------------------------------------------------------------------
bat[      25] ncas =        1250000.
 bitrseed = 0100011111111100101110111100010100110110110101100011000001010111
          cpu time =   3.684 s.

-------------------------------------------------------------------------------
bat[      26] ncas =        1300000.
 bitrseed = 1111100011010001111011111010001010110111000011010000101000000001
          cpu time =   3.629 s.

-------------------------------------------------------------------------------
bat[      27] ncas =        1350000.
 bitrseed = 1111111000001001110001111010001010000111101111001111000011110001
          cpu time =   3.598 s.

-------------------------------------------------------------------------------
bat[      28] ncas =        1400000.
 bitrseed = 0111110001000011000011110000100100101011010001000110011101001011
          cpu time =   3.617 s.

-------------------------------------------------------------------------------
bat[      29] ncas =        1450000.
 bitrseed = 0010010110001001011001100101100010011110110000110100010111111101
          cpu time =   3.578 s.

-------------------------------------------------------------------------------
bat[      30] ncas =        1500000.
 bitrseed = 1000011001000110001001001111111000100010000001000101000101010110
          cpu time =   3.590 s.

-------------------------------------------------------------------------------
bat[      31] ncas =        1550000.
 bitrseed = 1100000110001001100110111101111100100001111000010010100110001100
          cpu time =   3.578 s.

-------------------------------------------------------------------------------
bat[      32] ncas =        1600000.
 bitrseed = 0111100100110010101001110111111001011010001100001001111000111001
          cpu time =   3.828 s.

-------------------------------------------------------------------------------
bat[      33] ncas =        1650000.
 bitrseed = 1101001101111100010000101000110010111001111101001110100100111111
          cpu time =   3.594 s.

-------------------------------------------------------------------------------
bat[      34] ncas =        1700000.
 bitrseed = 1000000100101000001000001010100001111011011100010011001100111101
          cpu time =   3.562 s.

-------------------------------------------------------------------------------
bat[      35] ncas =        1750000.
 bitrseed = 1011110100000000111001000011111111011011000101011011111010010001
          cpu time =   3.570 s.

-------------------------------------------------------------------------------
bat[      36] ncas =        1800000.
 bitrseed = 1000111000011101101111001011010001010110010111011011010101001011
          cpu time =   3.551 s.

-------------------------------------------------------------------------------
bat[      37] ncas =        1850000.
 bitrseed = 0010101000101000101001011000000110010010101001010101100001111111
          cpu time =   3.645 s.

-------------------------------------------------------------------------------
bat[      38] ncas =        1900000.
 bitrseed = 1111111010100111101011111011011111010010111011010110110111011100
          cpu time =   3.582 s.

-------------------------------------------------------------------------------
bat[      39] ncas =        1950000.
 bitrseed = 0010111100010001011101010110010001110001101101101111111010001010
          cpu time =   3.598 s.

-------------------------------------------------------------------------------
bat[      40] ncas =        2000000.
 bitrseed = 0001101001011010111001001011100110111001111111001101001001000001
          cpu time =   3.562 s.

-------------------------------------------------------------------------------
bat[      41] ncas =        2050000.
 bitrseed = 0000111001110000100000000101110001100100110011010001011101101101
          cpu time =   3.566 s.

-------------------------------------------------------------------------------
bat[      42] ncas =        2100000.
 bitrseed = 0001010110101010100010000111101001000101011011001100110001101110
          cpu time =   3.613 s.

-------------------------------------------------------------------------------
bat[      43] ncas =        2150000.
 bitrseed = 1000011011100101001100110111111100100111110111011001000011001010
          cpu time =   3.602 s.

-------------------------------------------------------------------------------
bat[      44] ncas =        2200000.
 bitrseed = 1101100010100111101100010010011111101101011110101011100111100100
          cpu time =   3.613 s.

-------------------------------------------------------------------------------
bat[      45] ncas =        2250000.
 bitrseed = 0001001101101001000111110111011110101001100001101111111000000001
          cpu time =   3.566 s.

-------------------------------------------------------------------------------
bat[      46] ncas =        2300000.
 bitrseed = 1010101110110011011010000100000001010110111101010111110010001100
          cpu time =   3.621 s.

-------------------------------------------------------------------------------
bat[      47] ncas =        2350000.
 bitrseed = 1011101100111110101100101100010000010010110111111100110010111011
          cpu time =   3.590 s.

-------------------------------------------------------------------------------
bat[      48] ncas =        2400000.
 bitrseed = 1111101100101000111000001111000111101010010010010101001110100100
          cpu time =   3.582 s.

-------------------------------------------------------------------------------
bat[      49] ncas =        2450000.
 bitrseed = 0100110000111000111010011111100100111110000000010001011010100001
          cpu time =   3.547 s.

-------------------------------------------------------------------------------
bat[      50] ncas =        2500000.
 bitrseed = 1000111011011100010100110001000011001100001010110100010000011000
          cpu time =   3.621 s.

-------------------------------------------------------------------------------
bat[      51] ncas =        2550000.
 bitrseed = 1101000000000100101111010010111011110101010110011000100011001111
          cpu time =   3.648 s.

-------------------------------------------------------------------------------
bat[      52] ncas =        2600000.
 bitrseed = 0011100010100101000111000010000010111010101110000000100111111111
          cpu time =   3.566 s.

-------------------------------------------------------------------------------
bat[      53] ncas =        2650000.
 bitrseed = 1100000100001101001010000001110100100001011011010000100001010110
          cpu time =   3.590 s.

-------------------------------------------------------------------------------
bat[      54] ncas =        2700000.
 bitrseed = 0011110010100101101110111001101100011101000101011011100110000101
          cpu time =   3.570 s.

-------------------------------------------------------------------------------
bat[      55] ncas =        2750000.
 bitrseed = 1010110100001010010000101100010111000100011101010100011100011010
          cpu time =   3.598 s.

-------------------------------------------------------------------------------
bat[      56] ncas =        2800000.
 bitrseed = 1011111111100011011000111000110110011000000001010110110000000100
          cpu time =   3.641 s.

-------------------------------------------------------------------------------
bat[      57] ncas =        2850000.
 bitrseed = 1111011011101000110100111010010011000010001101001100101011111000
          cpu time =   3.621 s.

-------------------------------------------------------------------------------
bat[      58] ncas =        2900000.
 bitrseed = 0111110011100110010010011111010100000101111001111100111110001111
          cpu time =   3.598 s.

-------------------------------------------------------------------------------
bat[      59] ncas =        2950000.
 bitrseed = 1101000011010101010010111101101101101101101010111110111100110110
          cpu time =   3.590 s.

-------------------------------------------------------------------------------
bat[      60] ncas =        3000000.
 bitrseed = 1111001000101100101001101110110010010000010001111101001001110101
          cpu time =   3.574 s.

-------------------------------------------------------------------------------
bat[      61] ncas =        3050000.
 bitrseed = 0001111010010101100111110011000000011100001100110000010100000010
          cpu time =   3.652 s.

-------------------------------------------------------------------------------
bat[      62] ncas =        3100000.
 bitrseed = 0011110000101000100010001110001110000111100000101100110011010101
          cpu time =   3.609 s.

-------------------------------------------------------------------------------
bat[      63] ncas =        3150000.
 bitrseed = 1010010011100101001000000001111110000100001001100011011001110101
          cpu time =   3.613 s.

-------------------------------------------------------------------------------
bat[      64] ncas =        3200000.
 bitrseed = 1111010111101101111100111101111001010101000001000110110101110110
          cpu time =   3.578 s.

-------------------------------------------------------------------------------
bat[      65] ncas =        3250000.
 bitrseed = 0011000010111010000100001100101000011111101110000000011011000100
          cpu time =   3.578 s.

-------------------------------------------------------------------------------
bat[      66] ncas =        3300000.
 bitrseed = 0011010000111100110111001000100011101010100111100111111101000001
          cpu time =   3.625 s.

-------------------------------------------------------------------------------
bat[      67] ncas =        3350000.
 bitrseed = 1011101101110100101111111011001100010000010101011010110001001011
          cpu time =   3.602 s.

-------------------------------------------------------------------------------
bat[      68] ncas =        3400000.
 bitrseed = 1011101100110000001000000100010010111010010000001010101000001011
          cpu time =   3.648 s.

-------------------------------------------------------------------------------
bat[      69] ncas =        3450000.
 bitrseed = 0111011011100101010111011000100100100011010000000111011111000010
          cpu time =   3.570 s.

-------------------------------------------------------------------------------
bat[      70] ncas =        3500000.
 bitrseed = 1110011110010011101001010100001100001111110001011101100111100111
          cpu time =   3.566 s.

-------------------------------------------------------------------------------
bat[      71] ncas =        3550000.
 bitrseed = 0110100001000101110101101000111010011111001110011110100111101011
          cpu time =   3.609 s.

-------------------------------------------------------------------------------
bat[      72] ncas =        3600000.
 bitrseed = 1010100010111010110100110000110010100011000011111011000010101111
          cpu time =   3.551 s.

-------------------------------------------------------------------------------
bat[      73] ncas =        3650000.
 bitrseed = 1010111111010000001000110011000001011000101001111011100101111010
          cpu time =   3.684 s.

-------------------------------------------------------------------------------
bat[      74] ncas =        3700000.
 bitrseed = 1000100001100101010010101110100110101011010100001100010100111101
          cpu time =   3.617 s.

-------------------------------------------------------------------------------
bat[      75] ncas =        3750000.
 bitrseed = 1100100100001101111110010000011100100100011111011100111101110110
          cpu time =   3.594 s.

-------------------------------------------------------------------------------
bat[      76] ncas =        3800000.
 bitrseed = 1111111001100011010100010000001010010111001011000000111100101100
          cpu time =   3.609 s.

-------------------------------------------------------------------------------
bat[      77] ncas =        3850000.
 bitrseed = 0101011011100011001110010110101111011000100010110100100000110010
          cpu time =   3.664 s.

-------------------------------------------------------------------------------
bat[      78] ncas =        3900000.
 bitrseed = 0010111100110011100100110110011001011010010101100000111011011100
          cpu time =   3.578 s.

-------------------------------------------------------------------------------
bat[      79] ncas =        3950000.
 bitrseed = 1111111110111111011111111001000010100010000001101011000000001101
          cpu time =   3.586 s.

-------------------------------------------------------------------------------
bat[      80] ncas =        4000000.
 bitrseed = 1000010100001011011101001001000000001001101101000110111011110011
          cpu time =   3.590 s.

-------------------------------------------------------------------------------
bat[      81] ncas =        4050000.
 bitrseed = 1010101001111100000000100111110100111101110011001011111110101011
          cpu time =   3.555 s.

-------------------------------------------------------------------------------
bat[      82] ncas =        4100000.
 bitrseed = 1001111111110010011000011100000110110010011111101101111110111011
          cpu time =   3.629 s.

-------------------------------------------------------------------------------
bat[      83] ncas =        4150000.
 bitrseed = 1000010010110100111101110010010101110010011101110000101101110111
          cpu time =   3.586 s.

-------------------------------------------------------------------------------
bat[      84] ncas =        4200000.
 bitrseed = 1000101011010000111001001011100000100011000000101100101110101010
          cpu time =   3.578 s.

-------------------------------------------------------------------------------
bat[      85] ncas =        4250000.
 bitrseed = 1111000000000010000001011100100000111111110010010011011010011110
          cpu time =   4.297 s.

-------------------------------------------------------------------------------
bat[      86] ncas =        4300000.
 bitrseed = 1000010001010110101000111111010111111100011011101110011010100110
          cpu time =   3.551 s.

-------------------------------------------------------------------------------
bat[      87] ncas =        4350000.
 bitrseed = 1110000010101000011110011010100111111100110001000101100011111100
          cpu time =   3.605 s.

-------------------------------------------------------------------------------
bat[      88] ncas =        4400000.
 bitrseed = 1110010101011101000111011100111101111001101011101000110111000011
          cpu time =   3.586 s.

-------------------------------------------------------------------------------
bat[      89] ncas =        4450000.
 bitrseed = 1100001110010011111110100110000110111010001011010101011010011110
          cpu time =   3.738 s.

-------------------------------------------------------------------------------
bat[      90] ncas =        4500000.
 bitrseed = 0001100000010111001100101100001100110011111001011010101001111011
          cpu time =   3.621 s.

-------------------------------------------------------------------------------
bat[      91] ncas =        4550000.
 bitrseed = 0100100101000001000010110010010011101100110111010101011000001011
          cpu time =   3.562 s.

-------------------------------------------------------------------------------
bat[      92] ncas =        4600000.
 bitrseed = 1010110001101110010010011110100101000101101010111001111110110001
          cpu time =   3.828 s.

-------------------------------------------------------------------------------
bat[      93] ncas =        4650000.
 bitrseed = 1101010101101001111010010100010000010100010000100001101011000000
          cpu time =   3.742 s.

-------------------------------------------------------------------------------
bat[      94] ncas =        4700000.
 bitrseed = 1111101000101101111000110111100101000011001110100101110111111001
          cpu time =   3.625 s.

-------------------------------------------------------------------------------
bat[      95] ncas =        4750000.
 bitrseed = 1101010000010101100100110100001010011111010101111110001000100110
          cpu time =   3.625 s.

-------------------------------------------------------------------------------
bat[      96] ncas =        4800000.
 bitrseed = 0000110110000011010100110101000001010000011010101010001000010001
          cpu time =   3.770 s.

-------------------------------------------------------------------------------
bat[      97] ncas =        4850000.
 bitrseed = 1000010011000110101000110111011010011100011001000000001010010110
          cpu time =   3.723 s.

-------------------------------------------------------------------------------
bat[      98] ncas =        4900000.
 bitrseed = 1010110101100110100000101100110001100010110000111101110011010101
          cpu time =   3.801 s.

-------------------------------------------------------------------------------
bat[      99] ncas =        4950000.
 bitrseed = 1110011001111110110000011001111110010100101100110100101111110001
          cpu time =   3.641 s.

-------------------------------------------------------------------------------
bat[     100] ncas =        5000000.
 bitrseed = 1110011110010110000011111001011101101100101001100110010110000000
          cpu time =   3.645 s.

-------------------------------------------------------------------------------
bat[     101] ncas =        5050000.
 bitrseed = 0110111011001101101010001011110101111001001101001110111111100011
          cpu time =   3.664 s.

-------------------------------------------------------------------------------
bat[     102] ncas =        5100000.
 bitrseed = 0010011100000001100101100111010101110111111110000100010110110101
          cpu time =   3.605 s.

-------------------------------------------------------------------------------
bat[     103] ncas =        5150000.
 bitrseed = 0101011101000111100001001011111011010001001001110100111010010101
          cpu time =   3.641 s.

-------------------------------------------------------------------------------
bat[     104] ncas =        5200000.
 bitrseed = 0010110111011000001110101011100010010110010010010100110010010110
          cpu time =   3.582 s.

-------------------------------------------------------------------------------
bat[     105] ncas =        5250000.
 bitrseed = 0010100000000000011110100000001110101100110110010111110110011110
          cpu time =   3.750 s.

-------------------------------------------------------------------------------
bat[     106] ncas =        5300000.
 bitrseed = 1111100101101101010000101100100110010100110100111011111111000010
          cpu time =   3.855 s.

-------------------------------------------------------------------------------
bat[     107] ncas =        5350000.
 bitrseed = 1001100110001101000000111101000000100010011000010010000000000111
          cpu time =   3.746 s.

-------------------------------------------------------------------------------
bat[     108] ncas =        5400000.
 bitrseed = 0010110010100001001110011100001000111010100010001000011000000101
          cpu time =   3.996 s.

-------------------------------------------------------------------------------
bat[     109] ncas =        5450000.
 bitrseed = 0001110001010011010001001010111001000010110101111010010000100001
          cpu time =   3.754 s.

-------------------------------------------------------------------------------
bat[     110] ncas =        5500000.
 bitrseed = 0000010111000110010110100110001110110101011101110101000010111000
          cpu time =   3.785 s.

-------------------------------------------------------------------------------
bat[     111] ncas =        5550000.
 bitrseed = 1110011010101000100110111100111100111011101001100011000001001101
          cpu time =   3.770 s.

-------------------------------------------------------------------------------
bat[     112] ncas =        5600000.
 bitrseed = 0101000001010100111111000101011101001101010000111010100111101100
          cpu time =   3.758 s.

-------------------------------------------------------------------------------
bat[     113] ncas =        5650000.
 bitrseed = 0001101011110010010101111110110110110001010111000110111000100111
          cpu time =   3.738 s.

-------------------------------------------------------------------------------
bat[     114] ncas =        5700000.
 bitrseed = 0101111100011100111000000001101101100011001111111011111110101000
          cpu time =   3.762 s.

-------------------------------------------------------------------------------
bat[     115] ncas =        5750000.
 bitrseed = 0001110000000001100011001001111001110101101000010111101101010011
          cpu time =   3.730 s.

-------------------------------------------------------------------------------
bat[     116] ncas =        5800000.
 bitrseed = 0011001000100101110010110110001111000001100010000010001011000001
          cpu time =   3.688 s.

-------------------------------------------------------------------------------
bat[     117] ncas =        5850000.
 bitrseed = 1011100100100100000011101011001010110001110101100010101000011000
          cpu time =   3.695 s.

-------------------------------------------------------------------------------
bat[     118] ncas =        5900000.
 bitrseed = 1010000011110110110111110010110111101010010100100101110001101101
          cpu time =   3.621 s.

-------------------------------------------------------------------------------
bat[     119] ncas =        5950000.
 bitrseed = 0101001000011101000010001010100001100010001001110111011000110110
          cpu time =   3.652 s.

-------------------------------------------------------------------------------
bat[     120] ncas =        6000000.
 bitrseed = 0101110100100100001001001010010111101100111011010010110100010101
          cpu time =   3.859 s.

-------------------------------------------------------------------------------
bat[     121] ncas =        6050000.
 bitrseed = 1000001101001111111010001110011000000010111010110011001100011111
          cpu time =   3.824 s.

-------------------------------------------------------------------------------
bat[     122] ncas =        6100000.
 bitrseed = 1010100001101111100001101000011000101101010110101000010010001110
          cpu time =   3.680 s.

-------------------------------------------------------------------------------
bat[     123] ncas =        6150000.
 bitrseed = 0101000000100011011001010101110010000111101001000010001000000011
          cpu time =   3.648 s.

-------------------------------------------------------------------------------
bat[     124] ncas =        6200000.
 bitrseed = 1111011100010011000000000101101000000001010110011000000110100010
          cpu time =   3.648 s.

-------------------------------------------------------------------------------
bat[     125] ncas =        6250000.
 bitrseed = 1110101110000111001111111110111000110101010000101111100010101110
          cpu time =   3.641 s.

-------------------------------------------------------------------------------
bat[     126] ncas =        6300000.
 bitrseed = 1010111000011111111000011001100000001100101111011011010010000100
          cpu time =   3.648 s.

-------------------------------------------------------------------------------
bat[     127] ncas =        6350000.
 bitrseed = 0100010011101111011010000111100011011011011011010011010010001000
          cpu time =   3.617 s.

-------------------------------------------------------------------------------
bat[     128] ncas =        6400000.
 bitrseed = 1000011001011001001001010001111100111000011011101100000010011010
          cpu time =   3.684 s.

-------------------------------------------------------------------------------
bat[     129] ncas =        6450000.
 bitrseed = 0000001010110011100110010111101101100001110100011110001011100100
          cpu time =   3.629 s.

-------------------------------------------------------------------------------
bat[     130] ncas =        6500000.
 bitrseed = 1011111010110111010001010100111010101001000111110011010111100010
          cpu time =   3.641 s.

-------------------------------------------------------------------------------
bat[     131] ncas =        6550000.
 bitrseed = 1110000100010111001000110101110111100101001001110111010000111100
          cpu time =   3.617 s.

-------------------------------------------------------------------------------
bat[     132] ncas =        6600000.
 bitrseed = 1101101000011111001100000100100010111101000000010011111110001110
          cpu time =   3.645 s.

-------------------------------------------------------------------------------
bat[     133] ncas =        6650000.
 bitrseed = 0000111001110110001000011101001101101001101000010001000111010101
          cpu time =   3.605 s.

-------------------------------------------------------------------------------
bat[     134] ncas =        6700000.
 bitrseed = 0111001101011010010011111100100100101101110101011000000101011101
          cpu time =   3.633 s.

-------------------------------------------------------------------------------
bat[     135] ncas =        6750000.
 bitrseed = 0011001000111010111111011001010000000110101011001111100111000101
          cpu time =   3.598 s.

-------------------------------------------------------------------------------
bat[     136] ncas =        6800000.
 bitrseed = 1101011010001101110010100011000001001010100100100001100101001111
          cpu time =   3.598 s.

-------------------------------------------------------------------------------
bat[     137] ncas =        6850000.
 bitrseed = 1001110001000000101110010011111100010101000110110110001010011010
          cpu time =   3.621 s.

-------------------------------------------------------------------------------
bat[     138] ncas =        6900000.
 bitrseed = 1001100011000011010100000000101111100111110101010111001001110010
          cpu time =   3.621 s.

-------------------------------------------------------------------------------
bat[     139] ncas =        6950000.
 bitrseed = 0100100100011101010011100110011101101100110000101011010001000100
          cpu time =   3.629 s.

-------------------------------------------------------------------------------
bat[     140] ncas =        7000000.
 bitrseed = 0011101011101011011001101110011011101101110111110111111111110100
          cpu time =   3.629 s.

-------------------------------------------------------------------------------
bat[     141] ncas =        7050000.
 bitrseed = 0100100110001011110001100101100111010001000111001110111010010011
          cpu time =   3.629 s.

-------------------------------------------------------------------------------
bat[     142] ncas =        7100000.
 bitrseed = 1100011100011011100010111111100011011111101010111101011010010110
          cpu time =   3.625 s.

-------------------------------------------------------------------------------
bat[     143] ncas =        7150000.
 bitrseed = 0111110110110101100011010011101100101001010000111110101110111100
          cpu time =   3.633 s.

-------------------------------------------------------------------------------
bat[     144] ncas =        7200000.
 bitrseed = 0011111111011111110011111001100101001101110110101100011001100011
          cpu time =   3.652 s.

-------------------------------------------------------------------------------
bat[     145] ncas =        7250000.
 bitrseed = 0011110001000000100110000010101011001110010000101101111011100111
          cpu time =   3.629 s.

-------------------------------------------------------------------------------
bat[     146] ncas =        7300000.
 bitrseed = 1100110110010000011100011110000101111110111110001001011110010010
          cpu time =   3.637 s.

-------------------------------------------------------------------------------
bat[     147] ncas =        7350000.
 bitrseed = 1010000000101001101101111110000111110100100001000010001011011100
          cpu time =   3.660 s.

-------------------------------------------------------------------------------
bat[     148] ncas =        7400000.
 bitrseed = 0010111011110101010110010010001101100010101110011011100011000001
          cpu time =   3.617 s.

-------------------------------------------------------------------------------
bat[     149] ncas =        7450000.
 bitrseed = 0111101010000000010000100100000111010010010000001010001000110110
          cpu time =   3.656 s.

-------------------------------------------------------------------------------
bat[     150] ncas =        7500000.
 bitrseed = 1110100011001110100110111110101000001010110010001011100001100001
          cpu time =   3.609 s.

-------------------------------------------------------------------------------
bat[     151] ncas =        7550000.
 bitrseed = 1111010100000010100100000001010001110110110001101001010101110000
          cpu time =   3.609 s.

-------------------------------------------------------------------------------
bat[     152] ncas =        7600000.
 bitrseed = 1001000100110000101110100110010101011010100011100100000001001110
          cpu time =   3.609 s.

-------------------------------------------------------------------------------
bat[     153] ncas =        7650000.
 bitrseed = 0111111000110110000000010001100001001100100101100100110011111000
          cpu time =   3.672 s.

-------------------------------------------------------------------------------
bat[     154] ncas =        7700000.
 bitrseed = 0100100011111001000000000100000110000001011110110111000100010101
          cpu time =   3.605 s.

-------------------------------------------------------------------------------
bat[     155] ncas =        7750000.
 bitrseed = 1110010110101011110001010001101111101011011011011000011010000010
          cpu time =   3.703 s.

-------------------------------------------------------------------------------
bat[     156] ncas =        7800000.
 bitrseed = 0001110100110010111100100101001011110110111000101111011111110100
          cpu time =   3.629 s.

-------------------------------------------------------------------------------
bat[     157] ncas =        7850000.
 bitrseed = 0111101010101111111111111010011111001110011001110100110111010011
          cpu time =   3.609 s.

-------------------------------------------------------------------------------
bat[     158] ncas =        7900000.
 bitrseed = 1101101000000000100000101110111001010101011100011011100101011001
          cpu time =   3.613 s.

-------------------------------------------------------------------------------
bat[     159] ncas =        7950000.
 bitrseed = 1111001010111101001110110100010110001000000001100001010101111110
          cpu time =   3.617 s.

-------------------------------------------------------------------------------
bat[     160] ncas =        8000000.
 bitrseed = 0110001101001111000011101010011110101100110100100001000000111111
          cpu time =   3.609 s.

-------------------------------------------------------------------------------
bat[     161] ncas =        8050000.
 bitrseed = 0111100000001011101111000100001111010000101000001011011000101111
          cpu time =   3.629 s.

-------------------------------------------------------------------------------
bat[     162] ncas =        8100000.
 bitrseed = 1100101111000000010001100100010100011010001111011110001001101100
          cpu time =   3.648 s.

-------------------------------------------------------------------------------
bat[     163] ncas =        8150000.
 bitrseed = 1100010110010111111011000110010001100110011111011001010111000110
          cpu time =   3.625 s.

-------------------------------------------------------------------------------
bat[     164] ncas =        8200000.
 bitrseed = 1011001011101001100110010001101010100101101010100101111110110010
          cpu time =   3.605 s.

-------------------------------------------------------------------------------
bat[     165] ncas =        8250000.
 bitrseed = 0000001100100010111110011011010001101111000000011010010110100100
          cpu time =   3.617 s.

-------------------------------------------------------------------------------
bat[     166] ncas =        8300000.
 bitrseed = 0101001101011011011000110111011000011100110101111101110110000100
          cpu time =   3.598 s.

-------------------------------------------------------------------------------
bat[     167] ncas =        8350000.
 bitrseed = 1000110111110111000111110101101101001110100001000001000001101101
          cpu time =   3.609 s.

-------------------------------------------------------------------------------
bat[     168] ncas =        8400000.
 bitrseed = 1000110001101011100010000000000111010000110110001110101001001010
          cpu time =   3.652 s.

-------------------------------------------------------------------------------
bat[     169] ncas =        8450000.
 bitrseed = 1011011101010111011101110001100100011010100111101011101010101011
          cpu time =   3.566 s.

-------------------------------------------------------------------------------
bat[     170] ncas =        8500000.
 bitrseed = 1000011111110011111111010110011000110100010101110111000011110111
          cpu time =   3.625 s.

-------------------------------------------------------------------------------
bat[     171] ncas =        8550000.
 bitrseed = 1010001001001111101000110011001111000000001101010010011010010000
          cpu time =   3.672 s.

-------------------------------------------------------------------------------
bat[     172] ncas =        8600000.
 bitrseed = 1010001111100011101011001101111110001001100011100010010101001001
          cpu time =   3.637 s.

-------------------------------------------------------------------------------
bat[     173] ncas =        8650000.
 bitrseed = 1011000010000111101111001011011001010010001001000001011011101100
          cpu time =   3.574 s.

-------------------------------------------------------------------------------
bat[     174] ncas =        8700000.
 bitrseed = 0011111110000011010000110011111010111001101110010001101000000000
          cpu time =   3.641 s.

-------------------------------------------------------------------------------
bat[     175] ncas =        8750000.
 bitrseed = 0100101101001010000000011001010011101000000001100101011111110001
          cpu time =   3.621 s.

-------------------------------------------------------------------------------
bat[     176] ncas =        8800000.
 bitrseed = 0100010001100111011101001010100101100011011110111111101101010100
          cpu time =   3.656 s.

-------------------------------------------------------------------------------
bat[     177] ncas =        8850000.
 bitrseed = 0001110001110111111110110101011110100100000101000010101101001011
          cpu time =   3.652 s.

-------------------------------------------------------------------------------
bat[     178] ncas =        8900000.
 bitrseed = 0110110001111100001000111000101100101010011110100100111000000110
          cpu time =   3.613 s.

-------------------------------------------------------------------------------
bat[     179] ncas =        8950000.
 bitrseed = 1010001011001100100111010000110000111101110010100101101110101011
          cpu time =   3.656 s.

-------------------------------------------------------------------------------
bat[     180] ncas =        9000000.
 bitrseed = 0101001000111001010000011011010110010011001111000011010000001011
          cpu time =   3.652 s.

-------------------------------------------------------------------------------
bat[     181] ncas =        9050000.
 bitrseed = 0110011101000010001011101011101101010010110110000011011000100001
          cpu time =   3.645 s.

-------------------------------------------------------------------------------
bat[     182] ncas =        9100000.
 bitrseed = 1010000111110010110111010100111100011111100100110010000010010100
          cpu time =   3.609 s.

-------------------------------------------------------------------------------
bat[     183] ncas =        9150000.
 bitrseed = 1001010100011110111100001110101001000100111001001011010001011001
          cpu time =   3.637 s.

-------------------------------------------------------------------------------
bat[     184] ncas =        9200000.
 bitrseed = 0100110010010111100100110111100010000000100010100010000010101000
          cpu time =   3.676 s.

-------------------------------------------------------------------------------
bat[     185] ncas =        9250000.
 bitrseed = 0001001011001000000001100011110000101010011000011010110101111100
          cpu time =   3.645 s.

-------------------------------------------------------------------------------
bat[     186] ncas =        9300000.
 bitrseed = 0100110010110100111110010011110011100111100111010000101100101110
          cpu time =   3.645 s.

-------------------------------------------------------------------------------
bat[     187] ncas =        9350000.
 bitrseed = 1001101101111100111010011001110110010000100100111010001011101001
          cpu time =   3.625 s.

-------------------------------------------------------------------------------
bat[     188] ncas =        9400000.
 bitrseed = 1001100010010110110110100110100001000111100001100101111010111011
          cpu time =   3.688 s.

-------------------------------------------------------------------------------
bat[     189] ncas =        9450000.
 bitrseed = 0101110100101010111110100000000011011011000111101011000100001010
          cpu time =   3.641 s.

-------------------------------------------------------------------------------
bat[     190] ncas =        9500000.
 bitrseed = 0000001100001011100000000000011100110010111110110001011010110101
          cpu time =   3.621 s.

-------------------------------------------------------------------------------
bat[     191] ncas =        9550000.
 bitrseed = 1110000010001000110001110111001010011101101011101000001101010110
          cpu time =   3.625 s.

-------------------------------------------------------------------------------
bat[     192] ncas =        9600000.
 bitrseed = 1101001001010110011111011000011101001011001011001101110011110100
          cpu time =   3.641 s.

-------------------------------------------------------------------------------
bat[     193] ncas =        9650000.
 bitrseed = 1001011000100010010101100101001001101000110001110110000111011011
          cpu time =   3.656 s.

-------------------------------------------------------------------------------
bat[     194] ncas =        9700000.
 bitrseed = 1011000100111001111001111110001010111010000100000000001110010111
          cpu time =   3.645 s.

-------------------------------------------------------------------------------
bat[     195] ncas =        9750000.
 bitrseed = 0011101100001110101100000000001100110000000001100001101001100011
          cpu time =   3.801 s.

-------------------------------------------------------------------------------
bat[     196] ncas =        9800000.
 bitrseed = 0101100111001011101111010100100010110000111111111100110100101010
          cpu time =   3.828 s.

-------------------------------------------------------------------------------
bat[     197] ncas =        9850000.
 bitrseed = 0110001101101011000111110001011101100011010010100001000011011111
          cpu time =   3.672 s.

-------------------------------------------------------------------------------
bat[     198] ncas =        9900000.
 bitrseed = 0110001010011011010011100000110110110111001100110110111011100001
          cpu time =   3.660 s.

-------------------------------------------------------------------------------
bat[     199] ncas =        9950000.
 bitrseed = 1000100100111001000110010001100100000100111100101011001011110010
          cpu time =   3.629 s.

-------------------------------------------------------------------------------
bat[     200] ncas =       10000000.
 bitrseed = 1001001111001111000111011101100000101011010101100110000001010100
          cpu time =   3.668 s.

===============================================================================

 Summary for the end of job

-------------------------------------------------------------------------------
 number of analyz call vs ncol
-------------------------------------------------------------------------------
     ncol          number
        1              1.   : start of calculation            
        2              1.   : end of calculation              
        3            200.   : end of a batch                  
        4       10000000.   : source                          
        5              0.   : detection of geometry error/warn
        6              0.   : recovery from geometry warning  
        7              0.   : termination by geometry error   
        8              0.   : termination by weight cut-off   
        9              0.   : termination by time cut-off     
       10       22885501.   : geometry boundary crossing      
       11       43902426.   : termination by energy cut-off   
       12       10679747.   : termination by escape or leakage
       13        1577108.   : reaction : (n,x) type           
       14      299363446.   : reaction : (n,n'x) type         
       15           8029.   : sequential transport for tally  

-------------------------------------------------------------------------------
 List of transport particles (not including source)
-------------------------------------------------------------------------------
     Name      kf-code        mass       charge   baryon
     proton       2212        938.3         1       1
     neutron      2112        939.6         0       1
     electron       11          0.5        -1       0
     positron      -11          0.5         1       0
     photon         22          0.0         0       0
     deuteron  1000002       1875.6         1       2
     triton    1000003       2808.9         1       3
     alpha     2000004       3727.4         2       4

     nu_ebar       -12          0.0         0       0

-------------------------------------------------------------------------------
 prod. particles       number        weight        weight per source
-------------------------------------------------------------------------------
     neutron       194291208.     1.9429121E+08     1.9429121E+01
     proton        159577997.     1.5957800E+08     1.5957800E+01
     photon          2074244.     2.0742440E+06     2.0742440E-01
     deuteron        1066585.     1.0665850E+06     1.0665850E-01
     alpha            347974.     3.4797400E+05     3.4797400E-02
     positron          19327.     1.9327000E+04     1.9327000E-03
     electron           4170.     4.1700000E+03     4.1700000E-04
     triton                6.     6.0000000E+00     6.0000000E-07
     other                 1.     1.0000000E+00     1.0000000E-07

-------------------------------------------------------------------------------
 the other kind of produced particles
-------------------------------------------------------------------------------
     Name      kf-code        number     mass       charge   baryon
     nu_ebar       -12             1       0.0         0       0

-------------------------------------------------------------------------------
 particle decays       number        weight        weight per source
-------------------------------------------------------------------------------
     positron          19328.     1.9328000E+04     1.9328000E-03
     neutron               1.     1.0000000E+00     1.0000000E-07

-------------------------------------------------------------------------------
 stop. particles.    number        weight        weight per source
-------------------------------------------------------------------------------
     proton        159570334.     1.5957033E+08     1.5957033E+01
     nucleus        34339899.     3.4339899E+07     3.4339899E+00
     electron        3708513.     3.7085130E+06     3.7085130E-01
     deuteron        1066585.     1.0665850E+06     1.0665850E-01
     alpha            347923.     3.4792300E+05     3.4792300E-02
     positron          19328.     1.9328000E+04     1.9328000E-03
     photon              929.     9.2900000E+02     9.2900000E-05
     neutron             442.     4.4200000E+02     4.4200000E-05
     triton                6.     6.0000000E+00     6.0000000E-07
     other                 1.     1.0000000E+00     1.0000000E-07

-------------------------------------------------------------------------------
 the other kind of stopped particles
-------------------------------------------------------------------------------
     Name      kf-code        number     mass       charge   baryon
     nu_ebar       -12             1       0.0         0       0

-------------------------------------------------------------------------------
 leak. particles       number        weight        weight per source
-------------------------------------------------------------------------------
     neutron         8577548.     8.5775480E+06     8.5775480E-01
     photon          2060492.     2.0604920E+06     2.0604920E-01
     electron          34455.     3.4455000E+04     3.4455000E-03
     proton             6199.     6.1990000E+03     6.1990000E-04
     positron            953.     9.5300000E+02     9.5300000E-05
     nucleus              51.     5.1000000E+01     5.1000000E-06
     alpha                49.     4.9000000E+01     4.9000000E-06

-------------------------------------------------------------------------------
 source: maxcas    maxbch      irskip   average weight          total source
-------------------------------------------------------------------------------
       50000         200           0    1.0000000E+00    1.0000000000000E+07

-------------------------------------------------------------------------------
 used ATIMA database
-------------------------------------------------------------------------------
     for dedx  =       56 / mdbatima =      500

-------------------------------------------------------------------------------
 Geometry error summary
-------------------------------------------------------------------------------
 Number of lost particles     =     0 / nlost =       10
 Number of geometry recovering =     0
 Number of unrecovered errors =     0

-------------------------------------------------------------------------------
 initial random seed:
   bitrseed = 0100001010011000001011101100011110011000110110100110010000000000
 next initial random seed:
   bitrseed = 1000110000001000111111101100101001110101110010000011011101101000

-------------------------------------------------------------------------------
 job termination date : 2026/09/13
                 time :   11:54:16

-------------------------------------------------------------------------------
    CPU time and number of event called in PHITS
-------------------------------------------------------------------------------

                             sec
total cpu time =          732.96


                           count
      analysis =      388416457.  : data processing
         nevap =        2154669.  : evaporation
        dexgam =        1909648.  : de-excitation
         nreac =      300940572.  : atomic and nuclear reactions
         dklos =          19329.  : particle decay
         hydro =              5.  : nucleon-nucleon scattering
        n-data =      194981749.  : neutron data library
        h-data =              0.  : p, d, a data library
        p-data =              0.  : photon data library
        e-data =              0.  : electron data library
        p-egs5 =        2349889.  : photon interaction with EGS5
        e-egs5 =      103588122.  : electron interaction with EGS5
      e-tsmode =              0.  : electron track structure mode
    ion-tsmode =              0.  : ion track structure mode
     photonucl =              0.  : photo-nuclear reaction
 photonucl lib =              0.  : photo-nuclear reaction with library
       mu-reac =              0.  : muon-induced nuclear reaction
       mu-brem =              0.  : muon-induced bremsstrahlung
       mu-pprd =              0.  : muon-induced pair production
        mu-cap =              0.  : muon capture in nucleus
         elast =           1127.  : elastic scattering
         ncasc =           6188.  : nuclear reaction model

       bertini =              0.  : Bertini model
        isobar =              0.  : isobar model
           JAM =              0.  : JAM model
           QMD =              0.  : JQMD model
        JAMQMD =              0.  : JAMQMD model
          INCL =           6188.  : INCL model
        INCELF =              0.  : INCELF model
     frag data =              0.  : user defined cross section
       SCINFUL =              0.  : SCINFUL mode

>>> Citation Request >>>=======================================================

 This execution uses model(s) that must be explicitly cited in addition to
 the PHITS original document: T.Sato et al., J.Nucl.Sci.Technol.61, 127-135 (2024).
 Please refer the following document(s) in your publication using this result

 The INCL model:
    A. Boudard et al., Phys. Rev C87, 014606 (2013).

 The EGS5 code:
    H. Hirayama et al., SLAC-R-730 (2005) and KEK Report 2005-8 (2005)

 The KUROTAMA model:
    K. Iida, A. Kohama, and K. Oyamatsu, J. Phys. Soc. Japan 76, 044201 (2007).

 END 
